mode: set
EpicScoreBot/internal/gantt/ganttService.go:42.53,44.9 2 1
EpicScoreBot/internal/gantt/ganttService.go:45.21,46.14 1 0
EpicScoreBot/internal/gantt/ganttService.go:47.20,48.14 1 0
EpicScoreBot/internal/gantt/ganttService.go:49.20,50.14 1 1
EpicScoreBot/internal/gantt/ganttService.go:51.10,52.14 1 0
EpicScoreBot/internal/gantt/ganttService.go:57.57,62.2 1 1
EpicScoreBot/internal/gantt/ganttService.go:72.31,76.16 3 1
EpicScoreBot/internal/gantt/ganttService.go:76.16,78.3 1 0
EpicScoreBot/internal/gantt/ganttService.go:81.2,82.16 2 1
EpicScoreBot/internal/gantt/ganttService.go:82.16,84.3 1 0
EpicScoreBot/internal/gantt/ganttService.go:85.2,85.12 1 1
EpicScoreBot/internal/gantt/ganttService.go:85.12,86.70 1 0
EpicScoreBot/internal/gantt/ganttService.go:86.70,88.4 1 0
EpicScoreBot/internal/gantt/ganttService.go:91.2,92.16 2 1
EpicScoreBot/internal/gantt/ganttService.go:92.16,94.3 1 0
EpicScoreBot/internal/gantt/ganttService.go:95.2,95.26 1 1
EpicScoreBot/internal/gantt/ganttService.go:95.26,97.3 1 0
EpicScoreBot/internal/gantt/ganttService.go:99.2,100.16 2 1
EpicScoreBot/internal/gantt/ganttService.go:100.16,102.3 1 0
EpicScoreBot/internal/gantt/ganttService.go:104.2,105.29 2 1
EpicScoreBot/internal/gantt/ganttService.go:105.29,106.32 1 1
EpicScoreBot/internal/gantt/ganttService.go:106.32,109.4 2 1
EpicScoreBot/internal/gantt/ganttService.go:113.2,114.32 2 1
EpicScoreBot/internal/gantt/ganttService.go:114.32,116.17 2 1
EpicScoreBot/internal/gantt/ganttService.go:116.17,118.4 1 0
EpicScoreBot/internal/gantt/ganttService.go:119.3,121.10 3 1
EpicScoreBot/internal/gantt/ganttService.go:121.10,123.4 1 0
EpicScoreBot/internal/gantt/ganttService.go:124.3,129.5 1 1
EpicScoreBot/internal/gantt/ganttService.go:133.2,133.53 1 1
EpicScoreBot/internal/gantt/ganttService.go:133.53,134.33 1 1
EpicScoreBot/internal/gantt/ganttService.go:134.33,136.4 1 1
EpicScoreBot/internal/gantt/ganttService.go:137.3,137.11 1 0
EpicScoreBot/internal/gantt/ganttService.go:140.2,151.16 4 1
EpicScoreBot/internal/gantt/ganttService.go:151.16,153.3 1 0
EpicScoreBot/internal/gantt/ganttService.go:156.2,162.31 6 1
EpicScoreBot/internal/gantt/ganttService.go:162.31,164.28 2 1
EpicScoreBot/internal/gantt/ganttService.go:164.28,179.18 6 1
EpicScoreBot/internal/gantt/ganttService.go:179.18,183.5 1 0
EpicScoreBot/internal/gantt/ganttService.go:184.4,185.53 2 1
EpicScoreBot/internal/gantt/ganttService.go:185.53,187.5 1 1
EpicScoreBot/internal/gantt/ganttService.go:189.3,189.37 1 1
EpicScoreBot/internal/gantt/ganttService.go:189.37,191.4 1 1
EpicScoreBot/internal/gantt/ganttService.go:192.3,192.52 1 1
EpicScoreBot/internal/gantt/ganttService.go:196.2,198.16 1 1
EpicScoreBot/internal/gantt/ganttService.go:198.16,202.3 1 0
EpicScoreBot/internal/gantt/ganttService.go:203.2,209.20 3 1
EpicScoreBot/internal/gantt/ganttService.go:214.54,215.21 1 1
EpicScoreBot/internal/gantt/ganttService.go:215.21,217.3 1 0
EpicScoreBot/internal/gantt/ganttService.go:218.2,221.29 4 1
EpicScoreBot/internal/gantt/ganttService.go:221.29,222.37 1 1
EpicScoreBot/internal/gantt/ganttService.go:222.37,226.4 3 1
EpicScoreBot/internal/gantt/ganttService.go:227.3,227.34 1 1
EpicScoreBot/internal/gantt/ganttService.go:229.2,229.22 1 1
EpicScoreBot/internal/gantt/ganttService.go:229.22,231.3 1 1
EpicScoreBot/internal/gantt/ganttService.go:232.2,232.15 1 1
EpicScoreBot/internal/gantt/ganttService.go:240.9,249.16 5 1
EpicScoreBot/internal/gantt/ganttService.go:249.16,251.3 1 0
EpicScoreBot/internal/gantt/ganttService.go:253.2,254.16 2 1
EpicScoreBot/internal/gantt/ganttService.go:254.16,256.3 1 0
EpicScoreBot/internal/gantt/ganttService.go:259.2,259.30 1 1
EpicScoreBot/internal/gantt/ganttService.go:259.30,260.70 1 1
EpicScoreBot/internal/gantt/ganttService.go:260.70,262.4 1 0
EpicScoreBot/internal/gantt/ganttService.go:265.2,265.12 1 1
EpicScoreBot/internal/gantt/ganttService.go:273.31,277.16 3 1
EpicScoreBot/internal/gantt/ganttService.go:277.16,279.3 1 0
EpicScoreBot/internal/gantt/ganttService.go:280.2,280.19 1 1
EpicScoreBot/internal/gantt/ganttService.go:280.19,284.3 1 0
EpicScoreBot/internal/gantt/ganttService.go:286.2,288.16 1 1
EpicScoreBot/internal/gantt/ganttService.go:288.16,290.3 1 0
EpicScoreBot/internal/gantt/ganttService.go:293.2,293.30 1 1
EpicScoreBot/internal/gantt/ganttService.go:293.30,297.3 1 0
EpicScoreBot/internal/gantt/ganttService.go:299.2,299.54 1 1
EpicScoreBot/internal/gantt/ganttService.go:307.31,311.16 3 1
EpicScoreBot/internal/gantt/ganttService.go:311.16,313.3 1 0
EpicScoreBot/internal/gantt/ganttService.go:315.2,316.16 2 1
EpicScoreBot/internal/gantt/ganttService.go:316.16,318.3 1 0
EpicScoreBot/internal/gantt/ganttService.go:319.2,319.24 1 1
EpicScoreBot/internal/gantt/ganttService.go:319.24,321.3 1 0
EpicScoreBot/internal/gantt/ganttService.go:324.2,330.29 4 1
EpicScoreBot/internal/gantt/ganttService.go:330.29,331.53 1 1
EpicScoreBot/internal/gantt/ganttService.go:331.53,332.22 1 1
EpicScoreBot/internal/gantt/ganttService.go:332.22,334.5 1 1
EpicScoreBot/internal/gantt/ganttService.go:335.4,335.40 1 1
EpicScoreBot/internal/gantt/ganttService.go:337.3,337.49 1 1
EpicScoreBot/internal/gantt/ganttService.go:339.2,339.20 1 1
EpicScoreBot/internal/gantt/ganttService.go:339.20,341.3 1 1
EpicScoreBot/internal/gantt/ganttService.go:344.2,347.27 4 1
EpicScoreBot/internal/gantt/ganttService.go:347.27,349.29 2 1
EpicScoreBot/internal/gantt/ganttService.go:349.29,357.18 6 1
EpicScoreBot/internal/gantt/ganttService.go:357.18,361.5 1 0
EpicScoreBot/internal/gantt/ganttService.go:362.4,362.51 1 1
EpicScoreBot/internal/gantt/ganttService.go:362.51,364.5 1 1
EpicScoreBot/internal/gantt/ganttService.go:366.3,366.37 1 1
EpicScoreBot/internal/gantt/ganttService.go:366.37,368.4 1 1
EpicScoreBot/internal/gantt/ganttService.go:369.3,369.52 1 1
EpicScoreBot/internal/gantt/ganttService.go:373.2,375.16 1 1
EpicScoreBot/internal/gantt/ganttService.go:375.16,379.3 1 0
EpicScoreBot/internal/gantt/ganttService.go:380.2,386.27 5 1
EpicScoreBot/internal/gantt/ganttService.go:386.27,388.3 1 1
EpicScoreBot/internal/gantt/ganttService.go:389.2,389.20 1 1
EpicScoreBot/internal/gantt/ganttService.go:397.9,401.16 3 1
EpicScoreBot/internal/gantt/ganttService.go:401.16,403.3 1 0
EpicScoreBot/internal/gantt/ganttService.go:404.2,404.24 1 1
EpicScoreBot/internal/gantt/ganttService.go:404.24,406.3 1 0
EpicScoreBot/internal/gantt/ganttService.go:408.2,410.33 3 1
EpicScoreBot/internal/gantt/ganttService.go:410.33,411.35 1 0
EpicScoreBot/internal/gantt/ganttService.go:411.35,413.4 1 0
EpicScoreBot/internal/gantt/ganttService.go:414.3,414.30 1 0
EpicScoreBot/internal/gantt/ganttService.go:414.30,416.4 1 0
EpicScoreBot/internal/gantt/ganttService.go:419.2,421.3 1 1
EpicScoreBot/internal/gantt/ganttService.go:425.40,427.2 1 1
EpicScoreBot/internal/gantt/ganttService.go:430.43,431.21 1 1
EpicScoreBot/internal/gantt/ganttService.go:432.21,433.28 1 1
EpicScoreBot/internal/gantt/ganttService.go:434.19,435.28 1 1
EpicScoreBot/internal/gantt/ganttService.go:436.10,437.11 1 1
EpicScoreBot/internal/gantt/ganttService.go:442.55,444.15 2 1
EpicScoreBot/internal/gantt/ganttService.go:444.15,446.3 1 1
EpicScoreBot/internal/gantt/ganttService.go:447.2,448.20 2 1
EpicScoreBot/internal/gantt/ganttService.go:448.20,450.71 2 1
EpicScoreBot/internal/gantt/ganttService.go:450.71,452.4 1 1
EpicScoreBot/internal/gantt/ganttService.go:454.2,454.13 1 1
EpicScoreBot/internal/gantt/ganttService.go:458.46,461.16 3 1
EpicScoreBot/internal/gantt/ganttService.go:461.16,463.3 1 1
EpicScoreBot/internal/gantt/ganttService.go:464.2,465.18 2 1
EpicScoreBot/internal/gantt/ganttService.go:465.18,466.65 1 1
EpicScoreBot/internal/gantt/ganttService.go:466.65,468.4 1 1
EpicScoreBot/internal/gantt/ganttService.go:469.3,469.25 1 1
EpicScoreBot/internal/gantt/ganttService.go:471.2,471.14 1 1
